17777999977772777799997777477779999777787777999977771677779999777732777799997777647777999977771287777