100777710088887777100007777127777458888777754077771777728888777727777