1777799997777277779999777747777999977778777799997777167777