17777277773777747777577776777777777899997777159999777721999977772699997777309999777733999977773599997777367777