10077771000999977771100777712377774569999777757977771777729999777737777