17777277773777747777577776777777777888887777568888777733688887777168088887777672088887777201607777