177778888777717777888877771777788887777177778888777717777